// Jest Snapshot v1, https://goo.gl/fbAQLP

exports[`ErrorMessage renders correctly with message 1`] = `
<div
  className="makeStyles-root-1"
>
  <div
    className="MuiPaper-root MuiPaper-elevation MuiPaper-rounded MuiPaper-elevation0 MuiAlert-root MuiAlert-colorError MuiAlert-standardError MuiAlert-standard css-1gl6y88-MuiPaper-root-MuiAlert-root"
    role="alert"
    style={
      Object {
        "--Paper-shadow": "none",
      }
    }
  >
    <div
      className="MuiAlert-icon css-1ytlwq5-MuiAlert-icon"
    >
      <svg
        aria-hidden={true}
        className="MuiSvgIcon-root MuiSvgIcon-fontSizeInherit css-1lzspe0-MuiSvgIcon-root"
        data-testid="ErrorOutlineIcon"
        focusable="false"
        viewBox="0 0 24 24"
      >
        <path
          d="M11 15h2v2h-2zm0-8h2v6h-2zm.99-5C6.47 2 2 6.48 2 12s4.47 10 9.99 10C17.52 22 22 17.52 22 12S17.52 2 11.99 2zM12 20c-4.42 0-8-3.58-8-8s3.58-8 8-8 8 3.58 8 8-3.58 8-8 8z"
        />
      </svg>
    </div>
    <div
      className="MuiAlert-message css-1pxa9xg-MuiAlert-message"
    >
      <div
        className="MuiTypography-root MuiTypography-body1 MuiTypography-gutterBottom MuiAlertTitle-root css-1hs5ppg-MuiTypography-root-MuiAlertTitle-root"
        style={Object {}}
      >
        message
      </div>
    </div>
  </div>
</div>
`;

exports[`ErrorMessage renders correctly with no message 1`] = `null`;
