// Jest Snapshot v1, https://goo.gl/fbAQLP

exports[`UsageByMonth renders correctly 1`] = `
<div
  className="MuiPaper-root MuiPaper-elevation MuiPaper-rounded MuiPaper-elevation1 css-1gtchvp-MuiPaper-root"
  style={
    Object {
      "--Paper-shadow": "0px 2px 1px -1px rgba(0,0,0,0.2),0px 1px 1px 0px rgba(0,0,0,0.14),0px 1px 3px 0px rgba(0,0,0,0.12)",
    }
  }
>
  <div
    className="makeStyles-root-1"
  >
    <span
      className="MuiLinearProgress-root MuiLinearProgress-colorPrimary MuiLinearProgress-indeterminate css-1txyin7-MuiLinearProgress-root"
      role="progressbar"
    >
      <span
        className="MuiLinearProgress-bar MuiLinearProgress-barColorPrimary MuiLinearProgress-bar1Indeterminate css-lcqqge-MuiLinearProgress-bar1"
        style={Object {}}
      />
      <span
        className="MuiLinearProgress-bar MuiLinearProgress-barColorPrimary MuiLinearProgress-bar2Indeterminate css-lfb3c7-MuiLinearProgress-bar2"
        style={Object {}}
      />
    </span>
    <div
      className="makeStyles-root-2"
    >
      <div
        className="MuiPaper-root MuiPaper-elevation MuiPaper-rounded MuiPaper-elevation0 MuiAlert-root MuiAlert-colorInfo MuiAlert-standardInfo MuiAlert-standard css-k1p3sh-MuiPaper-root-MuiAlert-root"
        role="alert"
        style={
          Object {
            "--Paper-shadow": "none",
          }
        }
      >
        <div
          className="MuiAlert-icon css-vab54s-MuiAlert-icon"
        >
          <svg
            aria-hidden={true}
            className="MuiSvgIcon-root MuiSvgIcon-fontSizeInherit css-1ckov0h-MuiSvgIcon-root"
            data-testid="InfoOutlinedIcon"
            focusable="false"
            viewBox="0 0 24 24"
          >
            <path
              d="M11,9H13V7H11M12,20C7.59,20 4,16.41 4,12C4,7.59 7.59,4 12,4C16.41,4 20,7.59 20, 12C20,16.41 16.41,20 12,20M12,2A10,10 0 0,0 2,12A10,10 0 0,0 12,22A10,10 0 0,0 22,12A10, 10 0 0,0 12,2M11,17H13V11H11V17Z"
            />
          </svg>
        </div>
        <div
          className="MuiAlert-message css-zioonp-MuiAlert-message"
        >
          <div
            className="MuiTypography-root MuiTypography-body1 MuiTypography-gutterBottom MuiAlertTitle-root css-5ick94-MuiTypography-root-MuiAlertTitle-root"
            style={Object {}}
          >
            Loading...
          </div>
        </div>
      </div>
    </div>
  </div>
  <div
    className="MuiTableContainer-root css-70zvr5-MuiTableContainer-root"
  />
</div>
`;

exports[`UsageByMonth renders correctly after data load 1`] = `
<div
  className="MuiPaper-root MuiPaper-elevation MuiPaper-rounded MuiPaper-elevation1 css-1gtchvp-MuiPaper-root"
  style={
    Object {
      "--Paper-shadow": "0px 2px 1px -1px rgba(0,0,0,0.2),0px 1px 1px 0px rgba(0,0,0,0.14),0px 1px 3px 0px rgba(0,0,0,0.12)",
    }
  }
>
  <div
    className="MuiTableContainer-root css-70zvr5-MuiTableContainer-root"
  >
    <table
      className="MuiTable-root MuiTable-stickyHeader css-pvu7mv-MuiTable-root"
      role={null}
    >
      <thead
        className="MuiTableHead-root css-1a7iywq-MuiTableHead-root"
        role={null}
      >
        <tr
          className="MuiTableRow-root MuiTableRow-head css-1xtozoh-MuiTableRow-root"
          role={null}
        >
          <th
            aria-sort={null}
            className="MuiTableCell-root MuiTableCell-head MuiTableCell-stickyHeader MuiTableCell-sizeSmall css-9iq4h1-MuiTableCell-root"
            colSpan={7}
            scope="col"
          >
            <div
              className="MuiInputBase-root MuiOutlinedInput-root MuiInputBase-colorPrimary css-sc8y68-MuiInputBase-root-MuiOutlinedInput-root-MuiSelect-root"
              data-testid="month-year"
              onClick={[Function]}
            >
              <div
                aria-controls=":r1:"
                aria-expanded="false"
                aria-haspopup="listbox"
                aria-labelledby="month-year"
                className="MuiSelect-select MuiSelect-outlined MuiInputBase-input MuiOutlinedInput-input css-w76bbz-MuiSelect-select-MuiInputBase-input-MuiOutlinedInput-input"
                id="month-year"
                onBlur={[Function]}
                onFocus={[Function]}
                onKeyDown={[Function]}
                onMouseDown={[Function]}
                role="combobox"
                tabIndex={0}
              >
                2013
              </div>
              <input
                aria-hidden={true}
                aria-invalid={false}
                className="MuiSelect-nativeInput css-j0riat-MuiSelect-nativeInput"
                onAnimationStart={[Function]}
                onChange={[Function]}
                tabIndex={-1}
                value={2013}
              />
              <svg
                aria-hidden={true}
                className="MuiSvgIcon-root MuiSvgIcon-fontSizeMedium MuiSelect-icon MuiSelect-iconOutlined css-lohd6h-MuiSvgIcon-root-MuiSelect-icon"
                data-testid="ArrowDropDownIcon"
                focusable="false"
                viewBox="0 0 24 24"
              >
                <path
                  d="M7 10l5 5 5-5z"
                />
              </svg>
              <fieldset
                aria-hidden={true}
                className="MuiOutlinedInput-notchedOutline css-1ll44ll-MuiOutlinedInput-notchedOutline"
              >
                <legend
                  className="css-w4cd9x"
                >
                  <span
                    className="notranslate"
                  >
                    â€‹
                  </span>
                </legend>
              </fieldset>
            </div>
          </th>
        </tr>
      </thead>
      <thead
        className="MuiTableHead-root css-1a7iywq-MuiTableHead-root"
        role={null}
      >
        <tr
          className="MuiTableRow-root MuiTableRow-head css-1xtozoh-MuiTableRow-root"
          role={null}
        >
          <th
            aria-sort="descending"
            className="MuiTableCell-root MuiTableCell-head MuiTableCell-stickyHeader MuiTableCell-alignLeft MuiTableCell-sizeSmall css-6ujicw-MuiTableCell-root"
            data-testid="month-id"
            id="month-id"
            scope="col"
          >
            <span
              className="MuiButtonBase-root MuiTableSortLabel-root Mui-active MuiTableSortLabel-directionDesc css-7x9vt0-MuiButtonBase-root-MuiTableSortLabel-root"
              onBlur={[Function]}
              onClick={[Function]}
              onContextMenu={[Function]}
              onDragLeave={[Function]}
              onFocus={[Function]}
              onKeyDown={[Function]}
              onKeyUp={[Function]}
              onMouseDown={[Function]}
              onMouseLeave={[Function]}
              onMouseUp={[Function]}
              onTouchEnd={[Function]}
              onTouchMove={[Function]}
              onTouchStart={[Function]}
              role="button"
              tabIndex={0}
            >
              Month
              <svg
                aria-hidden={true}
                className="MuiSvgIcon-root MuiSvgIcon-fontSizeMedium MuiTableSortLabel-icon MuiTableSortLabel-iconDirectionDesc css-asweb8-MuiSvgIcon-root-MuiTableSortLabel-icon"
                data-testid="ArrowDownwardIcon"
                focusable="false"
                viewBox="0 0 24 24"
              >
                <path
                  d="M20 12l-1.41-1.41L13 16.17V4h-2v12.17l-5.58-5.59L4 12l8 8 8-8z"
                />
              </svg>
            </span>
          </th>
          <th
            aria-sort={null}
            className="MuiTableCell-root MuiTableCell-head MuiTableCell-stickyHeader MuiTableCell-alignRight MuiTableCell-sizeSmall css-nds8ul-MuiTableCell-root"
            scope="col"
          >
            Down
          </th>
          <th
            aria-sort={null}
            className="MuiTableCell-root MuiTableCell-head MuiTableCell-stickyHeader MuiTableCell-alignRight MuiTableCell-sizeSmall css-nds8ul-MuiTableCell-root"
            scope="col"
          >
            Up
          </th>
          <th
            aria-sort={null}
            className="MuiTableCell-root MuiTableCell-head MuiTableCell-stickyHeader MuiTableCell-alignRight MuiTableCell-sizeSmall css-nds8ul-MuiTableCell-root"
            data-testid="month-total"
            id="month-total"
            scope="col"
          >
            <span
              className="MuiButtonBase-root MuiTableSortLabel-root MuiTableSortLabel-directionAsc css-7x9vt0-MuiButtonBase-root-MuiTableSortLabel-root"
              onBlur={[Function]}
              onClick={[Function]}
              onContextMenu={[Function]}
              onDragLeave={[Function]}
              onFocus={[Function]}
              onKeyDown={[Function]}
              onKeyUp={[Function]}
              onMouseDown={[Function]}
              onMouseLeave={[Function]}
              onMouseUp={[Function]}
              onTouchEnd={[Function]}
              onTouchMove={[Function]}
              onTouchStart={[Function]}
              role="button"
              tabIndex={0}
            >
              Total
              <svg
                aria-hidden={true}
                className="MuiSvgIcon-root MuiSvgIcon-fontSizeMedium MuiTableSortLabel-icon MuiTableSortLabel-iconDirectionAsc css-7ojauk-MuiSvgIcon-root-MuiTableSortLabel-icon"
                data-testid="ArrowDownwardIcon"
                focusable="false"
                viewBox="0 0 24 24"
              >
                <path
                  d="M20 12l-1.41-1.41L13 16.17V4h-2v12.17l-5.58-5.59L4 12l8 8 8-8z"
                />
              </svg>
            </span>
          </th>
          <th
            aria-sort={null}
            className="MuiTableCell-root MuiTableCell-head MuiTableCell-stickyHeader MuiTableCell-alignRight MuiTableCell-sizeSmall css-nds8ul-MuiTableCell-root"
            scope="col"
          >
            Percent
          </th>
          <th
            aria-sort={null}
            className="MuiTableCell-root MuiTableCell-head MuiTableCell-stickyHeader MuiTableCell-alignRight MuiTableCell-sizeSmall css-nds8ul-MuiTableCell-root"
            scope="col"
          >
            Average
          </th>
          <th
            aria-sort={null}
            className="MuiTableCell-root MuiTableCell-head MuiTableCell-stickyHeader MuiTableCell-alignLeft MuiTableCell-sizeSmall css-6ujicw-MuiTableCell-root"
            scope="col"
          >
            Days
          </th>
        </tr>
      </thead>
      <tbody
        className="MuiTableBody-root css-gmh7jj-MuiTableBody-root"
        role={null}
      >
        <tr
          className="MuiTableRow-root css-1xtozoh-MuiTableRow-root"
          id="month-data-0"
          role={null}
          style={
            Object {
              "background": "white",
            }
          }
        >
          <td
            aria-sort={null}
            className="MuiTableCell-root MuiTableCell-body MuiTableCell-alignLeft MuiTableCell-sizeSmall css-qifdnr-MuiTableCell-root"
          >
            November
          </td>
          <td
            aria-sort={null}
            className="MuiTableCell-root MuiTableCell-body MuiTableCell-alignRight MuiTableCell-sizeSmall css-17j8okc-MuiTableCell-root"
          >
            83.066
          </td>
          <td
            aria-sort={null}
            className="MuiTableCell-root MuiTableCell-body MuiTableCell-alignRight MuiTableCell-sizeSmall css-17j8okc-MuiTableCell-root"
          >
            4.263
          </td>
          <td
            aria-sort={null}
            className="MuiTableCell-root MuiTableCell-body MuiTableCell-alignRight MuiTableCell-sizeSmall css-17j8okc-MuiTableCell-root"
          >
            87.329
          </td>
          <td
            aria-sort={null}
            className="MuiTableCell-root MuiTableCell-body MuiTableCell-alignRight MuiTableCell-sizeSmall css-17j8okc-MuiTableCell-root"
          >
            13.7%
          </td>
          <td
            aria-sort={null}
            className="MuiTableCell-root MuiTableCell-body MuiTableCell-alignRight MuiTableCell-sizeSmall css-17j8okc-MuiTableCell-root"
          >
            2.911
          </td>
          <td
            aria-sort={null}
            className="MuiTableCell-root MuiTableCell-body MuiTableCell-alignLeft MuiTableCell-sizeSmall css-qifdnr-MuiTableCell-root"
          >
            30
          </td>
        </tr>
        <tr
          className="MuiTableRow-root css-1xtozoh-MuiTableRow-root"
          id="month-data-1"
          role={null}
          style={
            Object {
              "background": "ghostwhite",
            }
          }
        >
          <td
            aria-sort={null}
            className="MuiTableCell-root MuiTableCell-body MuiTableCell-alignLeft MuiTableCell-sizeSmall css-qifdnr-MuiTableCell-root"
          >
            October
          </td>
          <td
            aria-sort={null}
            className="MuiTableCell-root MuiTableCell-body MuiTableCell-alignRight MuiTableCell-sizeSmall css-17j8okc-MuiTableCell-root"
          >
            47.904
          </td>
          <td
            aria-sort={null}
            className="MuiTableCell-root MuiTableCell-body MuiTableCell-alignRight MuiTableCell-sizeSmall css-17j8okc-MuiTableCell-root"
          >
            1.442
          </td>
          <td
            aria-sort={null}
            className="MuiTableCell-root MuiTableCell-body MuiTableCell-alignRight MuiTableCell-sizeSmall css-17j8okc-MuiTableCell-root"
          >
            49.346
          </td>
          <td
            aria-sort={null}
            className="MuiTableCell-root MuiTableCell-body MuiTableCell-alignRight MuiTableCell-sizeSmall css-17j8okc-MuiTableCell-root"
          >
            7.7%
          </td>
          <td
            aria-sort={null}
            className="MuiTableCell-root MuiTableCell-body MuiTableCell-alignRight MuiTableCell-sizeSmall css-17j8okc-MuiTableCell-root"
          >
            1.592
          </td>
          <td
            aria-sort={null}
            className="MuiTableCell-root MuiTableCell-body MuiTableCell-alignLeft MuiTableCell-sizeSmall css-qifdnr-MuiTableCell-root"
          >
            31
          </td>
        </tr>
        <tr
          className="MuiTableRow-root css-1xtozoh-MuiTableRow-root"
          id="month-data-2"
          role={null}
          style={
            Object {
              "background": "white",
            }
          }
        >
          <td
            aria-sort={null}
            className="MuiTableCell-root MuiTableCell-body MuiTableCell-alignLeft MuiTableCell-sizeSmall css-qifdnr-MuiTableCell-root"
          >
            September
          </td>
          <td
            aria-sort={null}
            className="MuiTableCell-root MuiTableCell-body MuiTableCell-alignRight MuiTableCell-sizeSmall css-17j8okc-MuiTableCell-root"
          >
            46.353
          </td>
          <td
            aria-sort={null}
            className="MuiTableCell-root MuiTableCell-body MuiTableCell-alignRight MuiTableCell-sizeSmall css-17j8okc-MuiTableCell-root"
          >
            3.240
          </td>
          <td
            aria-sort={null}
            className="MuiTableCell-root MuiTableCell-body MuiTableCell-alignRight MuiTableCell-sizeSmall css-17j8okc-MuiTableCell-root"
          >
            49.593
          </td>
          <td
            aria-sort={null}
            className="MuiTableCell-root MuiTableCell-body MuiTableCell-alignRight MuiTableCell-sizeSmall css-17j8okc-MuiTableCell-root"
          >
            7.8%
          </td>
          <td
            aria-sort={null}
            className="MuiTableCell-root MuiTableCell-body MuiTableCell-alignRight MuiTableCell-sizeSmall css-17j8okc-MuiTableCell-root"
          >
            1.653
          </td>
          <td
            aria-sort={null}
            className="MuiTableCell-root MuiTableCell-body MuiTableCell-alignLeft MuiTableCell-sizeSmall css-qifdnr-MuiTableCell-root"
          >
            30
          </td>
        </tr>
        <tr
          className="MuiTableRow-root css-1xtozoh-MuiTableRow-root"
          id="month-data-3"
          role={null}
          style={
            Object {
              "background": "ghostwhite",
            }
          }
        >
          <td
            aria-sort={null}
            className="MuiTableCell-root MuiTableCell-body MuiTableCell-alignLeft MuiTableCell-sizeSmall css-qifdnr-MuiTableCell-root"
          >
            August
          </td>
          <td
            aria-sort={null}
            className="MuiTableCell-root MuiTableCell-body MuiTableCell-alignRight MuiTableCell-sizeSmall css-17j8okc-MuiTableCell-root"
          >
            34.516
          </td>
          <td
            aria-sort={null}
            className="MuiTableCell-root MuiTableCell-body MuiTableCell-alignRight MuiTableCell-sizeSmall css-17j8okc-MuiTableCell-root"
          >
            2.147
          </td>
          <td
            aria-sort={null}
            className="MuiTableCell-root MuiTableCell-body MuiTableCell-alignRight MuiTableCell-sizeSmall css-17j8okc-MuiTableCell-root"
          >
            36.664
          </td>
          <td
            aria-sort={null}
            className="MuiTableCell-root MuiTableCell-body MuiTableCell-alignRight MuiTableCell-sizeSmall css-17j8okc-MuiTableCell-root"
          >
            5.7%
          </td>
          <td
            aria-sort={null}
            className="MuiTableCell-root MuiTableCell-body MuiTableCell-alignRight MuiTableCell-sizeSmall css-17j8okc-MuiTableCell-root"
          >
            1.183
          </td>
          <td
            aria-sort={null}
            className="MuiTableCell-root MuiTableCell-body MuiTableCell-alignLeft MuiTableCell-sizeSmall css-qifdnr-MuiTableCell-root"
          >
            31
          </td>
        </tr>
        <tr
          className="MuiTableRow-root css-1xtozoh-MuiTableRow-root"
          id="month-data-4"
          role={null}
          style={
            Object {
              "background": "white",
            }
          }
        >
          <td
            aria-sort={null}
            className="MuiTableCell-root MuiTableCell-body MuiTableCell-alignLeft MuiTableCell-sizeSmall css-qifdnr-MuiTableCell-root"
          >
            July
          </td>
          <td
            aria-sort={null}
            className="MuiTableCell-root MuiTableCell-body MuiTableCell-alignRight MuiTableCell-sizeSmall css-17j8okc-MuiTableCell-root"
          >
            46.494
          </td>
          <td
            aria-sort={null}
            className="MuiTableCell-root MuiTableCell-body MuiTableCell-alignRight MuiTableCell-sizeSmall css-17j8okc-MuiTableCell-root"
          >
            2.190
          </td>
          <td
            aria-sort={null}
            className="MuiTableCell-root MuiTableCell-body MuiTableCell-alignRight MuiTableCell-sizeSmall css-17j8okc-MuiTableCell-root"
          >
            48.683
          </td>
          <td
            aria-sort={null}
            className="MuiTableCell-root MuiTableCell-body MuiTableCell-alignRight MuiTableCell-sizeSmall css-17j8okc-MuiTableCell-root"
          >
            7.6%
          </td>
          <td
            aria-sort={null}
            className="MuiTableCell-root MuiTableCell-body MuiTableCell-alignRight MuiTableCell-sizeSmall css-17j8okc-MuiTableCell-root"
          >
            1.570
          </td>
          <td
            aria-sort={null}
            className="MuiTableCell-root MuiTableCell-body MuiTableCell-alignLeft MuiTableCell-sizeSmall css-qifdnr-MuiTableCell-root"
          >
            31
          </td>
        </tr>
        <tr
          className="MuiTableRow-root css-1xtozoh-MuiTableRow-root"
          id="month-data-5"
          role={null}
          style={
            Object {
              "background": "ghostwhite",
            }
          }
        >
          <td
            aria-sort={null}
            className="MuiTableCell-root MuiTableCell-body MuiTableCell-alignLeft MuiTableCell-sizeSmall css-qifdnr-MuiTableCell-root"
          >
            June
          </td>
          <td
            aria-sort={null}
            className="MuiTableCell-root MuiTableCell-body MuiTableCell-alignRight MuiTableCell-sizeSmall css-17j8okc-MuiTableCell-root"
          >
            78.344
          </td>
          <td
            aria-sort={null}
            className="MuiTableCell-root MuiTableCell-body MuiTableCell-alignRight MuiTableCell-sizeSmall css-17j8okc-MuiTableCell-root"
          >
            5.696
          </td>
          <td
            aria-sort={null}
            className="MuiTableCell-root MuiTableCell-body MuiTableCell-alignRight MuiTableCell-sizeSmall css-17j8okc-MuiTableCell-root"
          >
            84.040
          </td>
          <td
            aria-sort={null}
            className="MuiTableCell-root MuiTableCell-body MuiTableCell-alignRight MuiTableCell-sizeSmall css-17j8okc-MuiTableCell-root"
          >
            13.1%
          </td>
          <td
            aria-sort={null}
            className="MuiTableCell-root MuiTableCell-body MuiTableCell-alignRight MuiTableCell-sizeSmall css-17j8okc-MuiTableCell-root"
          >
            2.801
          </td>
          <td
            aria-sort={null}
            className="MuiTableCell-root MuiTableCell-body MuiTableCell-alignLeft MuiTableCell-sizeSmall css-qifdnr-MuiTableCell-root"
          >
            30
          </td>
        </tr>
        <tr
          className="MuiTableRow-root css-1xtozoh-MuiTableRow-root"
          id="month-data-6"
          role={null}
          style={
            Object {
              "background": "white",
            }
          }
        >
          <td
            aria-sort={null}
            className="MuiTableCell-root MuiTableCell-body MuiTableCell-alignLeft MuiTableCell-sizeSmall css-qifdnr-MuiTableCell-root"
          >
            May
          </td>
          <td
            aria-sort={null}
            className="MuiTableCell-root MuiTableCell-body MuiTableCell-alignRight MuiTableCell-sizeSmall css-17j8okc-MuiTableCell-root"
          >
            36.123
          </td>
          <td
            aria-sort={null}
            className="MuiTableCell-root MuiTableCell-body MuiTableCell-alignRight MuiTableCell-sizeSmall css-17j8okc-MuiTableCell-root"
          >
            2.185
          </td>
          <td
            aria-sort={null}
            className="MuiTableCell-root MuiTableCell-body MuiTableCell-alignRight MuiTableCell-sizeSmall css-17j8okc-MuiTableCell-root"
          >
            38.308
          </td>
          <td
            aria-sort={null}
            className="MuiTableCell-root MuiTableCell-body MuiTableCell-alignRight MuiTableCell-sizeSmall css-17j8okc-MuiTableCell-root"
          >
            6.0%
          </td>
          <td
            aria-sort={null}
            className="MuiTableCell-root MuiTableCell-body MuiTableCell-alignRight MuiTableCell-sizeSmall css-17j8okc-MuiTableCell-root"
          >
            1.236
          </td>
          <td
            aria-sort={null}
            className="MuiTableCell-root MuiTableCell-body MuiTableCell-alignLeft MuiTableCell-sizeSmall css-qifdnr-MuiTableCell-root"
          >
            31
          </td>
        </tr>
        <tr
          className="MuiTableRow-root css-1xtozoh-MuiTableRow-root"
          id="month-data-7"
          role={null}
          style={
            Object {
              "background": "ghostwhite",
            }
          }
        >
          <td
            aria-sort={null}
            className="MuiTableCell-root MuiTableCell-body MuiTableCell-alignLeft MuiTableCell-sizeSmall css-qifdnr-MuiTableCell-root"
          >
            April
          </td>
          <td
            aria-sort={null}
            className="MuiTableCell-root MuiTableCell-body MuiTableCell-alignRight MuiTableCell-sizeSmall css-17j8okc-MuiTableCell-root"
          >
            56.154
          </td>
          <td
            aria-sort={null}
            className="MuiTableCell-root MuiTableCell-body MuiTableCell-alignRight MuiTableCell-sizeSmall css-17j8okc-MuiTableCell-root"
          >
            1.961
          </td>
          <td
            aria-sort={null}
            className="MuiTableCell-root MuiTableCell-body MuiTableCell-alignRight MuiTableCell-sizeSmall css-17j8okc-MuiTableCell-root"
          >
            58.115
          </td>
          <td
            aria-sort={null}
            className="MuiTableCell-root MuiTableCell-body MuiTableCell-alignRight MuiTableCell-sizeSmall css-17j8okc-MuiTableCell-root"
          >
            9.1%
          </td>
          <td
            aria-sort={null}
            className="MuiTableCell-root MuiTableCell-body MuiTableCell-alignRight MuiTableCell-sizeSmall css-17j8okc-MuiTableCell-root"
          >
            1.937
          </td>
          <td
            aria-sort={null}
            className="MuiTableCell-root MuiTableCell-body MuiTableCell-alignLeft MuiTableCell-sizeSmall css-qifdnr-MuiTableCell-root"
          >
            30
          </td>
        </tr>
        <tr
          className="MuiTableRow-root css-1xtozoh-MuiTableRow-root"
          id="month-data-8"
          role={null}
          style={
            Object {
              "background": "white",
            }
          }
        >
          <td
            aria-sort={null}
            className="MuiTableCell-root MuiTableCell-body MuiTableCell-alignLeft MuiTableCell-sizeSmall css-qifdnr-MuiTableCell-root"
          >
            March
          </td>
          <td
            aria-sort={null}
            className="MuiTableCell-root MuiTableCell-body MuiTableCell-alignRight MuiTableCell-sizeSmall css-17j8okc-MuiTableCell-root"
          >
            56.766
          </td>
          <td
            aria-sort={null}
            className="MuiTableCell-root MuiTableCell-body MuiTableCell-alignRight MuiTableCell-sizeSmall css-17j8okc-MuiTableCell-root"
          >
            5.323
          </td>
          <td
            aria-sort={null}
            className="MuiTableCell-root MuiTableCell-body MuiTableCell-alignRight MuiTableCell-sizeSmall css-17j8okc-MuiTableCell-root"
          >
            62.089
          </td>
          <td
            aria-sort={null}
            className="MuiTableCell-root MuiTableCell-body MuiTableCell-alignRight MuiTableCell-sizeSmall css-17j8okc-MuiTableCell-root"
          >
            9.7%
          </td>
          <td
            aria-sort={null}
            className="MuiTableCell-root MuiTableCell-body MuiTableCell-alignRight MuiTableCell-sizeSmall css-17j8okc-MuiTableCell-root"
          >
            2.003
          </td>
          <td
            aria-sort={null}
            className="MuiTableCell-root MuiTableCell-body MuiTableCell-alignLeft MuiTableCell-sizeSmall css-qifdnr-MuiTableCell-root"
          >
            31
          </td>
        </tr>
        <tr
          className="MuiTableRow-root css-1xtozoh-MuiTableRow-root"
          id="month-data-9"
          role={null}
          style={
            Object {
              "background": "ghostwhite",
            }
          }
        >
          <td
            aria-sort={null}
            className="MuiTableCell-root MuiTableCell-body MuiTableCell-alignLeft MuiTableCell-sizeSmall css-qifdnr-MuiTableCell-root"
          >
            February
          </td>
          <td
            aria-sort={null}
            className="MuiTableCell-root MuiTableCell-body MuiTableCell-alignRight MuiTableCell-sizeSmall css-17j8okc-MuiTableCell-root"
          >
            54.165
          </td>
          <td
            aria-sort={null}
            className="MuiTableCell-root MuiTableCell-body MuiTableCell-alignRight MuiTableCell-sizeSmall css-17j8okc-MuiTableCell-root"
          >
            3.220
          </td>
          <td
            aria-sort={null}
            className="MuiTableCell-root MuiTableCell-body MuiTableCell-alignRight MuiTableCell-sizeSmall css-17j8okc-MuiTableCell-root"
          >
            57.385
          </td>
          <td
            aria-sort={null}
            className="MuiTableCell-root MuiTableCell-body MuiTableCell-alignRight MuiTableCell-sizeSmall css-17j8okc-MuiTableCell-root"
          >
            9.0%
          </td>
          <td
            aria-sort={null}
            className="MuiTableCell-root MuiTableCell-body MuiTableCell-alignRight MuiTableCell-sizeSmall css-17j8okc-MuiTableCell-root"
          >
            2.049
          </td>
          <td
            aria-sort={null}
            className="MuiTableCell-root MuiTableCell-body MuiTableCell-alignLeft MuiTableCell-sizeSmall css-qifdnr-MuiTableCell-root"
          >
            28
          </td>
        </tr>
        <tr
          className="MuiTableRow-root css-1xtozoh-MuiTableRow-root"
          id="month-data-10"
          role={null}
          style={
            Object {
              "background": "white",
            }
          }
        >
          <td
            aria-sort={null}
            className="MuiTableCell-root MuiTableCell-body MuiTableCell-alignLeft MuiTableCell-sizeSmall css-qifdnr-MuiTableCell-root"
          >
            January
          </td>
          <td
            aria-sort={null}
            className="MuiTableCell-root MuiTableCell-body MuiTableCell-alignRight MuiTableCell-sizeSmall css-17j8okc-MuiTableCell-root"
          >
            64.043
          </td>
          <td
            aria-sort={null}
            className="MuiTableCell-root MuiTableCell-body MuiTableCell-alignRight MuiTableCell-sizeSmall css-17j8okc-MuiTableCell-root"
          >
            4.105
          </td>
          <td
            aria-sort={null}
            className="MuiTableCell-root MuiTableCell-body MuiTableCell-alignRight MuiTableCell-sizeSmall css-17j8okc-MuiTableCell-root"
          >
            68.149
          </td>
          <td
            aria-sort={null}
            className="MuiTableCell-root MuiTableCell-body MuiTableCell-alignRight MuiTableCell-sizeSmall css-17j8okc-MuiTableCell-root"
          >
            10.7%
          </td>
          <td
            aria-sort={null}
            className="MuiTableCell-root MuiTableCell-body MuiTableCell-alignRight MuiTableCell-sizeSmall css-17j8okc-MuiTableCell-root"
          >
            2.198
          </td>
          <td
            aria-sort={null}
            className="MuiTableCell-root MuiTableCell-body MuiTableCell-alignLeft MuiTableCell-sizeSmall css-qifdnr-MuiTableCell-root"
          >
            31
          </td>
        </tr>
      </tbody>
      <thead
        className="MuiTableHead-root css-1a7iywq-MuiTableHead-root"
        role={null}
      >
        <tr
          className="MuiTableRow-root MuiTableRow-head css-1xtozoh-MuiTableRow-root"
          data-testid="month-footer"
          id="month-footer"
          role={null}
        >
          <th
            aria-sort={null}
            className="MuiTableCell-root MuiTableCell-head MuiTableCell-stickyHeader MuiTableCell-alignLeft MuiTableCell-sizeSmall css-6ujicw-MuiTableCell-root"
            scope="col"
          >
            Totals
          </th>
          <th
            aria-sort={null}
            className="MuiTableCell-root MuiTableCell-head MuiTableCell-stickyHeader MuiTableCell-alignRight MuiTableCell-sizeSmall css-nds8ul-MuiTableCell-root"
            scope="col"
          >
            603.928
          </th>
          <th
            aria-sort={null}
            className="MuiTableCell-root MuiTableCell-head MuiTableCell-stickyHeader MuiTableCell-alignRight MuiTableCell-sizeSmall css-nds8ul-MuiTableCell-root"
            scope="col"
          >
            35.773
          </th>
          <th
            aria-sort={null}
            className="MuiTableCell-root MuiTableCell-head MuiTableCell-stickyHeader MuiTableCell-alignRight MuiTableCell-sizeSmall css-nds8ul-MuiTableCell-root"
            scope="col"
          >
            639.701
          </th>
          <th
            aria-sort={null}
            className="MuiTableCell-root MuiTableCell-head MuiTableCell-stickyHeader MuiTableCell-alignRight MuiTableCell-sizeSmall css-nds8ul-MuiTableCell-root"
            scope="col"
          />
          <th
            aria-sort={null}
            className="MuiTableCell-root MuiTableCell-head MuiTableCell-stickyHeader MuiTableCell-alignRight MuiTableCell-sizeSmall css-nds8ul-MuiTableCell-root"
            scope="col"
          >
            1.753
          </th>
          <th
            aria-sort={null}
            className="MuiTableCell-root MuiTableCell-head MuiTableCell-stickyHeader MuiTableCell-alignLeft MuiTableCell-sizeSmall css-6ujicw-MuiTableCell-root"
            scope="col"
          >
            365
          </th>
        </tr>
      </thead>
    </table>
  </div>
</div>
`;
