// Jest Snapshot v1, https://goo.gl/fbAQLP

exports[`BWMonRoutes renders correctly 1`] = `
<div
  className="MuiPaper-root MuiPaper-elevation MuiPaper-rounded MuiPaper-elevation1 css-1dtoofl-MuiPaper-root"
  style={
    Object {
      "--Paper-shadow": "0px 2px 1px -1px rgba(0,0,0,0.2),0px 1px 1px 0px rgba(0,0,0,0.14),0px 1px 3px 0px rgba(0,0,0,0.12)",
    }
  }
>
  <div
    className="makeStyles-root-1"
  >
    <span
      className="MuiLinearProgress-root MuiLinearProgress-colorPrimary MuiLinearProgress-indeterminate css-lrbo11-MuiLinearProgress-root"
      role="progressbar"
    >
      <span
        className="MuiLinearProgress-bar MuiLinearProgress-barColorPrimary MuiLinearProgress-bar1Indeterminate css-eg0r9f-MuiLinearProgress-bar1"
        style={Object {}}
      />
      <span
        className="MuiLinearProgress-bar MuiLinearProgress-barColorPrimary MuiLinearProgress-bar2Indeterminate css-1yf7653-MuiLinearProgress-bar2"
        style={Object {}}
      />
    </span>
    <div
      className="makeStyles-root-2"
    >
      <div
        className="MuiPaper-root MuiPaper-elevation MuiPaper-rounded MuiPaper-elevation0 MuiAlert-root MuiAlert-colorInfo MuiAlert-standardInfo MuiAlert-standard css-rxaxkm-MuiPaper-root-MuiAlert-root"
        role="alert"
        style={
          Object {
            "--Paper-shadow": "none",
          }
        }
      >
        <div
          className="MuiAlert-icon css-1ytlwq5-MuiAlert-icon"
        >
          <svg
            aria-hidden={true}
            className="MuiSvgIcon-root MuiSvgIcon-fontSizeInherit css-1lzspe0-MuiSvgIcon-root"
            data-testid="InfoOutlinedIcon"
            focusable="false"
            viewBox="0 0 24 24"
          >
            <path
              d="M11,9H13V7H11M12,20C7.59,20 4,16.41 4,12C4,7.59 7.59,4 12,4C16.41,4 20,7.59 20, 12C20,16.41 16.41,20 12,20M12,2A10,10 0 0,0 2,12A10,10 0 0,0 12,22A10,10 0 0,0 22,12A10, 10 0 0,0 12,2M11,17H13V11H11V17Z"
            />
          </svg>
        </div>
        <div
          className="MuiAlert-message css-1pxa9xg-MuiAlert-message"
        >
          <div
            className="MuiTypography-root MuiTypography-body1 MuiTypography-gutterBottom MuiAlertTitle-root css-1hs5ppg-MuiTypography-root-MuiAlertTitle-root"
            style={Object {}}
          >
            Loading...
          </div>
        </div>
      </div>
    </div>
  </div>
  <div
    className="MuiTableContainer-root css-rorn0c-MuiTableContainer-root"
  />
</div>
`;
